---
source: tests/integration.rs
expression: output_str
---
curl -X GET -G https://localhost:9000/api/v1/pets/123/owner --data-urlencode 'expand='
