---
source: tests/integration.rs
info:
  program: ding
  args: []
---
success: false
exit_code: 2
----- stdout -----

----- stderr -----
error: the following required arguments were not provided:
  --spec <FILE>

Usage: ding --spec <FILE>

For more information, try '--help'.
