---
source: tests/integration.rs
expression: output_str
---
echo -n "test" | curl -X GET -G https://localhost:9000/pets --data-urlencode 'limit='
