---
source: tests/integration.rs
expression: stderr_str
---
Path prefix must start with a slash
