---
source: tests/integration.rs
expression: output_str
---
{"cursor_position":78,"stdout":"curl -X GET -G https://localhost:9000/pets/123/owner --data-urlencode 'expand='"}
