---
source: tests/integration.rs
expression: output_str
---
{"cursor_position":56,"stdout":"curl -X GET https://localhost:9000/petsHeader -H \"page: \""}
